"../../../Engine/Content/VREditor/Sounds/UI/Click_on_Button.uasset" 0
"../../../../../../Git/Saf/GameUniHack/PixelPerfect/Content/UI/MainMenu.uasset" 1
"../../../Engine/Content/Animation/DefaultAnimCurveCompressionSettings.uasset" 2
"../../../Engine/Content/Functions/Engine_MaterialFunctions01/Opacity/CameraDepthFade.uasset" 3
"../../../Engine/Content/EngineMaterials/T_Default_Material_Grid_M.uasset" 4
"../../../Engine/Content/EngineMaterials/T_Default_Material_Grid_N.uasset" 5
"../../../Engine/Content/EngineMaterials/WorldGridMaterial.uasset" 6
"../../../Engine/Content/ArtTools/RenderToTexture/Meshes/S_1_Unit_Plane.uasset" 7
"../../../Engine/Content/EngineMaterials/DefaultMaterial.uasset" 8
"../../../Engine/Content/BasicShapes/Cone.uasset" 9
"../../../Engine/Content/BasicShapes/Cylinder.uasset" 10
"../../../Engine/Content/BasicShapes/Plane.uasset" 11
"../../../Engine/Content/BasicShapes/Sphere.uasset" 12
"../../../Engine/Content/EditorLandscapeResources/DataLayer.uasset" 13
"../../../Engine/Content/EditorMaterials/MAT_Groups_Toggle.uasset" 14
"../../../Engine/Content/EditorMaterials/MAT_Groups_Visibility.uasset" 15
"../../../Engine/Content/EditorMaterials/PreviewShadowIndicator.uasset" 16
"../../../Engine/Content/EditorMaterials/PreviewShadowIndicatorMaterial.uasset" 17
"../../../Engine/Content/EditorMaterials/MatineeGroups/MAT_ColorTrack.uasset" 18
"../../../Engine/Content/EditorMaterials/MatineeGroups/MAT_Groups_Anim.uasset" 19
"../../../Engine/Content/EditorMaterials/MatineeGroups/MAT_Groups_AudioMaster.uasset" 20
"../../../Engine/Content/EditorMaterials/MatineeGroups/MAT_Groups_Director.uasset" 21
"../../../Engine/Content/EditorMaterials/MatineeGroups/MAT_Groups_Event.uasset" 22
"../../../Engine/Content/EditorMaterials/MatineeGroups/MAT_Groups_Fade.uasset" 23
"../../../Engine/Content/EditorMaterials/MatineeGroups/MAT_Groups_Float.uasset" 24
"../../../Engine/Content/EditorMaterials/MatineeGroups/MAT_Groups_Move.uasset" 25
"../../../Engine/Content/EditorMaterials/MatineeGroups/MAT_Groups_Slomo.uasset" 26
"../../../Engine/Content/EditorMaterials/MatineeGroups/MAT_Groups_Sound.uasset" 27
"../../../Engine/Content/EditorMaterials/MatineeGroups/MAT_Groups_Vector.uasset" 28
"../../../Engine/Content/EditorMaterials/ParticleSystems/PSysThumbnail_NoImage.uasset" 29
"../../../Engine/Content/EditorMaterials/ParticleSystems/PSysThumbnail_OOD.uasset" 30
"../../../Engine/Content/EditorMaterials/Camera/CineMat.uasset" 31
"../../../Engine/Content/EditorMaterials/Camera/MI_CineMat_Rig.uasset" 32
"../../../Engine/Content/EditorMeshes/Camera/SM_CraneRig_Arm.uasset" 33
"../../../Engine/Content/EditorMeshes/Camera/SM_CraneRig_Base.uasset" 34
"../../../Engine/Content/EditorMeshes/Camera/SM_CraneRig_Body.uasset" 35
"../../../Engine/Content/EditorMeshes/Camera/SM_CraneRig_Mount.uasset" 36
"../../../Engine/Content/EditorMeshes/Camera/SM_RailRig_Mount.uasset" 37
"../../../Engine/Content/EditorMeshes/Camera/SM_RailRig_Track.uasset" 38
"../../../Engine/Content/EditorResources/BSPVertex.uasset" 39
"../../../Engine/Content/EditorResources/EmptyActor.uasset" 40
"../../../Engine/Content/EditorResources/S_Actor.uasset" 41
"../../../Engine/Content/EditorResources/S_Note.uasset" 42
"../../../Engine/Content/EditorResources/S_Solver.uasset" 43
"../../../Engine/Content/EditorResources/S_Trigger.uasset" 44
"../../../Engine/Content/EditorResources/SequenceRecorder/Countdown.uasset" 45
"../../../Engine/Content/EditorResources/SequenceRecorder/RecordingIndicator.uasset" 46
"../../../Engine/Content/EditorSounds/Notifications/CompileFailed.uasset" 47
"../../../Engine/Content/EditorSounds/Notifications/CompileFailed_Cue.uasset" 48
"../../../Engine/Content/EditorSounds/Notifications/CompileSuccess.uasset" 49
"../../../Engine/Content/EditorSounds/Notifications/CompileStart_Cue.uasset" 50
"../../../Engine/Content/EditorSounds/Notifications/CompileSuccess_Cue.uasset" 51
"../../../Engine/Content/EngineDamageTypes/DmgTypeBP_Environmental.uasset" 52
"../../../Engine/Content/EngineDebugMaterials/DebugEditorMaterial.uasset" 53
"../../../Engine/Content/EngineDebugMaterials/DebugMeshMaterial.uasset" 54
"../../../Engine/Content/EngineDebugMaterials/M_SimpleUnlitTranslucent.uasset" 55
"../../../Engine/Content/Functions/Engine_MaterialFunctions02/Utility/CameraDirectionVector.uasset" 56
"../../../Engine/Content/EngineDebugMaterials/VolumeToRender.uasset" 57
"../../../Engine/Content/EngineDebugMaterials/M_VolumeRenderSphereTracePP.uasset" 58
"../../../Engine/Content/EngineDebugMaterials/WireframeMaterial.uasset" 59
"../../../Engine/Content/EngineFonts/Faces/DroidSansFallback.uasset" 60
"../../../Engine/Content/EngineFonts/Faces/RobotoBold.uasset" 61
"../../../Engine/Content/EngineFonts/Faces/RobotoBoldItalic.uasset" 62
"../../../Engine/Content/EngineFonts/Faces/RobotoItalic.uasset" 63
"../../../Engine/Content/EngineFonts/Faces/RobotoLight.uasset" 64
"../../../Engine/Content/EngineFonts/Faces/RobotoRegular.uasset" 65
"../../../Engine/Content/EngineFonts/Roboto.uasset" 66
"../../../Engine/Content/EngineMaterials/BaseFlattenDiffuseMap.uasset" 67
"../../../Engine/Content/EngineMaterials/BaseFlattenEmissiveMap.uasset" 68
"../../../Engine/Content/EngineMaterials/BaseFlattenGrayscaleMap.uasset" 69
"../../../Engine/Content/EngineMaterials/BaseFlattenNormalMap.uasset" 70
"../../../Engine/Content/EngineMaterials/BaseFlattenMaterial.uasset" 71
"../../../Engine/Content/EngineMaterials/BlueNoise.uasset" 72
"../../../Engine/Content/EngineMaterials/DefaultBloomKernel.uasset" 73
"../../../Engine/Content/EngineMaterials/DefaultBokeh.uasset" 74
"../../../Engine/Content/EngineMaterials/DefaultDiffuse.uasset" 75
"../../../Engine/Content/EngineMaterials/DefaultDeferredDecalMaterial.uasset" 76
"../../../Engine/Content/EngineMaterials/DefaultLightFunctionMaterial.uasset" 77
"../../../Engine/Content/EngineMaterials/DefaultPhysicalMaterial.uasset" 78
"../../../Engine/Content/Functions/Engine_MaterialFunctions02/Utility/BreakOutFloat2Components.uasset" 79
"../../../Engine/Content/EngineMaterials/DefaultPostProcessMaterial.uasset" 80
"../../../Engine/Content/EngineFonts/RobotoDistanceField.uasset" 81
"../../../Engine/Content/EngineMaterials/DefaultTextMaterialOpaque.uasset" 82
"../../../Engine/Content/EngineMaterials/DefaultWhiteGrid.uasset" 83
"../../../Engine/Content/EngineMaterials/DefaultWhiteGrid_Low.uasset" 84
"../../../Engine/Content/EngineMaterials/EmissiveMeshMaterial.uasset" 85
"../../../Engine/Content/EngineMaterials/GizmoMaterial.uasset" 86
"../../../Engine/Content/EngineMaterials/Good64x64TilingNoiseHighFreq.uasset" 87
"../../../Engine/Content/EngineMaterials/MiniFont.uasset" 88
"../../../Engine/Content/EngineMaterials/InvalidLightmapSettings.uasset" 89
"../../../Engine/Content/EngineMaterials/M_InvalidLightmapSettings.uasset" 90
"../../../Engine/Content/Functions/Engine_MaterialFunctions02/WorldPositionOffset/CameraOffset.uasset" 91
"../../../Engine/Content/EngineMaterials/PhAT_JointLimitMaterial.uasset" 92
"../../../Engine/Content/EngineMaterials/PreintegratedSkinBRDF.uasset" 93
"../../../Engine/Content/EngineMaterials/RemoveSurfaceMaterial.uasset" 94
"../../../Engine/Content/EngineMaterials/WeightMapPlaceholderTexture.uasset" 95
"../../../Engine/Content/EngineResources/WhiteSquareTexture.uasset" 96
"../../../Engine/Content/EngineMaterials/Widget3DPassThrough.uasset" 97
"../../../Engine/Content/EngineMaterials/Widget3DPassThrough_Masked.uasset" 98
"../../../Engine/Content/EngineMaterials/Widget3DPassThrough_Opaque.uasset" 99
"../../../Engine/Content/EngineMaterials/Widget3DPassThrough_Masked_OneSided.uasset" 100
"../../../Engine/Content/EngineMaterials/Widget3DPassThrough_Opaque_OneSided.uasset" 101
"../../../Engine/Content/EngineMaterials/Widget3DPassThrough_Translucent.uasset" 102
"../../../Engine/Content/EngineMaterials/Widget3DPassThrough_Translucent_OneSided.uasset" 103
"../../../Engine/Content/EngineMeshes/Cylinder.uasset" 104
"../../../Engine/Content/EngineMeshes/Sphere.uasset" 105
"../../../Engine/Content/EngineResources/Black.uasset" 106
"../../../Engine/Content/EngineResources/DefaultTexture.uasset" 107
"../../../Engine/Content/EngineResources/DefaultTextureCube.uasset" 108
"../../../Engine/Content/EngineResources/DefaultVolumeTexture2D.uasset" 109
"../../../Engine/Content/EngineResources/DefaultVolumeTexture.uasset" 110
"../../../Engine/Content/EngineResources/GradientTexture0.uasset" 111
"../../../Engine/Content/EngineSounds/Master.uasset" 112
"../../../Engine/Content/Functions/Engine_MaterialFunctions01/Shading/ConvertFromDiffSpec.uasset" 113
"../../../Engine/Content/Functions/Engine_MaterialFunctions01/Shading/PowerToRoughness.uasset" 114
"../../../Engine/Content/Maps/Templates/Thumbnails/Default.uasset" 115
"../../../Engine/Content/Maps/Templates/Thumbnails/TimeOfDay.uasset" 116
"../../../Engine/Content/Maps/Templates/Thumbnails/VR-Basic.uasset" 117
"../../../Engine/Content/MobileResources/T_MobileControls_texture.uasset" 118
"../../../Engine/Content/MobileResources/T_MobileMenu2.uasset" 119
"../../../Engine/Content/MobileResources/HUD/AnalogHat.uasset" 120
"../../../Engine/Content/MobileResources/HUD/VirtualJoystick_Background.uasset" 121
"../../../Engine/Content/MobileResources/HUD/VirtualJoystick_Thumb.uasset" 122
"../../../Engine/Content/MobileResources/HUD/DefaultVirtualJoysticks.uasset" 123
"../../../Engine/Content/MobileResources/HUD/LeftVirtualJoystickOnly.uasset" 124
"../../../Engine/Content/MobileResources/HUD/MobileHUDButton1_off.uasset" 125
"../../../Engine/Content/MobileResources/HUD/MobileHUDButton1_on.uasset" 126
"../../../Engine/Content/MobileResources/HUD/MobileHUDButton2_off.uasset" 127
"../../../Engine/Content/MobileResources/HUD/MobileHUDButton2_on.uasset" 128
"../../../Engine/Content/MobileResources/HUD/MobileHUDButton3.uasset" 129
"../../../Engine/Content/MobileResources/HUD/MobileHUDButtonFire.uasset" 130
"../../../Engine/Content/MobileResources/HUD/MobileHUDDirectionPad.uasset" 131
"../../../Engine/Content/MobileResources/HUD/MobileHUDDirectionPad2.uasset" 132
"../../../Engine/Content/MobileResources/HUD/MobileHUDDirectionPad3.uasset" 133
"../../../Engine/Content/MobileResources/HUD/MobileHUDDirectionStick.uasset" 134
"../../../Engine/Content/MobileResources/HUD/T_Castle_ThumbstickInner.uasset" 135
"../../../Engine/Content/MobileResources/HUD/T_Castle_ThumbstickOutter.uasset" 136
"../../../Engine/Content/Tutorial/ContentIntroCurve.uasset" 137
"../../../Engine/Content/Tutorial/Basics/LevelEditorAttract.uasset" 138
"../../../Engine/Content/Tutorial/Installation/InstallingVisualStudioTutorial.uasset" 139
"../../../Engine/Content/VREditor/LaserPointer/VR_LaserPower_01.uasset" 140
"../../../Engine/Content/VREditor/TransformGizmo/TransformGizmoMaterial.uasset" 141
"../../../Engine/Content/VREditor/TransformGizmo/TranslucentTransformGizmoMaterial.uasset" 142
"../../../Engine/Content/VREditor/TransformGizmo/BoundingBoxCorner.uasset" 143
"../../../Engine/Content/VREditor/TransformGizmo/BoundingBoxEdge.uasset" 144
"../../../Engine/Content/VREditor/TransformGizmo/PlaneTranslationHandle.uasset" 145
"../../../Engine/Content/VREditor/TransformGizmo/Main.uasset" 146
"../../../Engine/Content/VREditor/TransformGizmo/Xray.uasset" 147
"../../../Engine/Content/VREditor/TransformGizmo/SM_Sequencer_Key.uasset" 148
"../../../Engine/Content/VREditor/TransformGizmo/SM_Sequencer_Node.uasset" 149
"../../Plugins/2D/Paper2D/Content/PlaceholderTextures/DummySpriteTexture.uasset" 150
"../../Plugins/2D/Paper2D/Content/DummySprite.uasset" 151
"../../Plugins/2D/Paper2D/Content/DefaultPaperTerrainMaterial.uasset" 152
"../../Plugins/2D/Paper2D/Content/DefaultSpriteMaterial.uasset" 153
"../../Plugins/2D/Paper2D/Content/MaskedUnlitSpriteMaterial.uasset" 154
"../../Plugins/2D/Paper2D/Content/OpaqueUnlitSpriteMaterial.uasset" 155
"../../Plugins/FX/Niagara/Content/Enums/ENiagaraBooleanLogicOps.uasset" 156
"../../Plugins/FX/Niagara/Content/Enums/ENiagaraCoordinateSpace.uasset" 157
"../../Plugins/FX/Niagara/Content/Enums/ENiagaraExpansionMode.uasset" 158
"../../Plugins/FX/Niagara/Content/Enums/ENiagaraOrientationAxis.uasset" 159
"../../Plugins/FX/Niagara/Content/Enums/ENiagaraRandomnessMode.uasset" 160
"../../../Engine/Content/Functions/Engine_MaterialFunctions02/Utility/BreakOutFloat4Components.uasset" 161
"../../../Engine/Content/Functions/Engine_MaterialFunctions02/Utility/MakeFloat2.uasset" 162
"../../../Engine/Content/Functions/Engine_MaterialFunctions02/Utility/MakeFloat3.uasset" 163
"../../Plugins/Runtime/Oculus/OculusVR/Content/Materials/OculusMR_ChromaKey.uasset" 164
"../../Plugins/Runtime/Oculus/OculusVR/Content/Materials/OculusMR_ChromaKey_Lit.uasset" 165
"../../Plugins/Runtime/Oculus/OculusVR/Content/Materials/OculusMR_OpaqueColoredMaterial.uasset" 166
"../../Plugins/Runtime/Oculus/OculusVR/Content/Materials/OculusMR_WhiteMaterial.uasset" 167
"../../../../../../Git/Saf/GameUniHack/PixelPerfect/Content/Interfaces/MoveObjs.uasset" 168
"../../../Engine/Content/EditorBlueprintResources/StandardMacros.uasset" 169
"../../../../../../Git/Saf/GameUniHack/PixelPerfect/Content/Interfaces/Interact_Interface.uasset" 170
"../../../../../../Git/Saf/GameUniHack/PixelPerfect/Content/UI/Lost.uasset" 171
"../../../../../../Git/Saf/GameUniHack/PixelPerfect/Content/UI/Weapons_Enum.uasset" 172
"../../../../../../Git/Saf/GameUniHack/PixelPerfect/Content/Player/BP_Player.uasset" 173
"../../../../../../Git/Saf/GameUniHack/PixelPerfect/Content/UI/Camera_Widget.uasset" 174
"../../../../../../Git/Saf/GameUniHack/PixelPerfect/Content/Cameras/ye.uasset" 175
"../../../../../../Git/Saf/GameUniHack/PixelPerfect/Content/Enemy/Anomaly/BB_Computer_Boss.uasset" 176
"../../../../../../Git/Saf/GameUniHack/PixelPerfect/Content/Enemy/Anomaly/BTTASK_LastPlayerLocation.uasset" 177
"../../../../../../Git/Saf/GameUniHack/PixelPerfect/Content/Enemy/Anomaly/InvalidateChase.uasset" 178
"../../../../../../Git/Saf/GameUniHack/PixelPerfect/Content/Enemy/Anomaly/RandomRoam.uasset" 179
"../../../../../../Git/Saf/GameUniHack/PixelPerfect/Content/Enemy/Anomaly/BT_Computer_Boss.uasset" 180
"../../../../../../Git/Saf/GameUniHack/PixelPerfect/Content/Enemy/Anomaly/Computer_Boss_Ai_Controller.uasset" 181
"../../../../../../Git/Saf/GameUniHack/PixelPerfect/Content/Enemy/Anomaly/BOT.uasset" 182
"../../../../../../Git/Saf/GameUniHack/PixelPerfect/Content/Enemy/Anomaly/BOT_Emmisive.uasset" 183
"../../../../../../Git/Saf/GameUniHack/PixelPerfect/Content/Enemy/Anomaly/BOT_Mat.uasset" 184
"../../../../../../Git/Saf/GameUniHack/PixelPerfect/Content/Enemy/Anomaly/BOT_Mat_Inst.uasset" 185
"../../../../../../Git/Saf/GameUniHack/PixelPerfect/Content/Enemy/Anomaly/ComputerMesh.uasset" 186
"../../../../../../Git/Saf/GameUniHack/PixelPerfect/Content/UI/Win.uasset" 187
"../../../../../../Git/Saf/GameUniHack/PixelPerfect/Content/Enemy/Anomaly/ComputerBoss.uasset" 188
"../../../../../../Git/Saf/GameUniHack/PixelPerfect/Content/Enemy/Phone/DoomScroll_Image.uasset" 189
"../../../../../../Git/Saf/GameUniHack/PixelPerfect/Content/Enemy/Phone/PediaWiki.uasset" 190
"../../../../../../Git/Saf/GameUniHack/PixelPerfect/Content/Enemy/Phone/Phone_Dispay_Mat.uasset" 191
"../../../../../../Git/Saf/GameUniHack/PixelPerfect/Content/Enemy/Phone/Phone_Dispay_Mat_Inst.uasset" 192
"../../../../../../Git/Saf/GameUniHack/PixelPerfect/Content/Enemy/Phone/Phone_Body_Mat.uasset" 193
"../../../../../../Git/Saf/GameUniHack/PixelPerfect/Content/Enemy/Phone/DoomScrollPhone_PhysicsAsset.uasset" 194
"../../../../../../Git/Saf/GameUniHack/PixelPerfect/Content/Enemy/Phone/DoomScrollPhone_Skeleton.uasset" 195
"../../../../../../Git/Saf/GameUniHack/PixelPerfect/Content/Enemy/Phone/DoomScrollPhone.uasset" 196
"../../../../../../Git/Saf/GameUniHack/PixelPerfect/Content/Enemy/Phone/Phone.uasset" 197
"../../../Engine/Content/EngineSky/C_Sky_Cloud_Color.uasset" 198
"../../../Engine/Content/EngineSky/C_Sky_Horizon_Color.uasset" 199
"../../../Engine/Content/EngineSky/C_Sky_Zenith_Color.uasset" 200
"../../../Engine/Content/EngineSky/T_Sky_Blue.uasset" 201
"../../../Engine/Content/EngineSky/T_Sky_Clouds_M.uasset" 202
"../../../Engine/Content/EngineSky/T_Sky_Stars.uasset" 203
"../../../Engine/Content/EngineSky/M_Sky_Panning_Clouds2.uasset" 204
"../../../Engine/Content/EngineSky/SM_SkySphere.uasset" 205
"../../../Engine/Content/EngineSky/BP_Sky_Sphere.uasset" 206
"../../../../../../Git/Saf/GameUniHack/PixelPerfect/Content/Cameras/GrabCamera.uasset" 207
"../../../../../../Git/Saf/GameUniHack/PixelPerfect/Content/Cameras/TopDownCamera.uasset" 208
"../../../../../../Git/Saf/GameUniHack/PixelPerfect/Content/Cameras/TriggerBox.uasset" 209
"../../../Engine/Content/BasicShapes/Cube.uasset" 210
"../../../../../../Git/Saf/GameUniHack/PixelPerfect/Content/Physics_Items/PhysicsType.uasset" 211
"../../../../../../Git/Saf/GameUniHack/PixelPerfect/Content/Puzzle/Assets/Materials/VectorMat/Brown.uasset" 212
"../../../../../../Git/Saf/GameUniHack/PixelPerfect/Content/Puzzle/Assets/Materials/VectorMat/Green.uasset" 213
"../../../../../../Git/Saf/GameUniHack/PixelPerfect/Content/Puzzle/Assets/Materials/VectorMat/Red.uasset" 214
"../../../../../../Git/Saf/GameUniHack/PixelPerfect/Content/Puzzle/Assets/PhysObjects/Apple.uasset" 215
"../../../../../../Git/Saf/GameUniHack/PixelPerfect/Content/Puzzle/Assets/Materials/BlackHole.uasset" 216
"../../../../../../Git/Saf/GameUniHack/PixelPerfect/Content/Puzzle/Assets/Materials/BlackHole_Inst.uasset" 217
"../../../../../../Git/Saf/GameUniHack/PixelPerfect/Content/Puzzle/Assets/PhysObjects/BlackHoleStevenHawking.uasset" 218
"../../../../../../Git/Saf/GameUniHack/PixelPerfect/Content/Puzzle/Assets/PhysObjects/EinsteinsEcuation.uasset" 219
"../../../../../../Git/Saf/GameUniHack/PixelPerfect/Content/Puzzle/Assets/Materials/VectorMat/White.uasset" 220
"../../../../../../Git/Saf/GameUniHack/PixelPerfect/Content/Puzzle/Assets/PhysObjects/JamesClerkMagnet.uasset" 221
"../../../../../../Git/Saf/GameUniHack/PixelPerfect/Content/Puzzle/Assets/Materials/VectorMat/Yellow.uasset" 222
"../../../../../../Git/Saf/GameUniHack/PixelPerfect/Content/Puzzle/Assets/PhysObjects/NikolaTeslaAC.uasset" 223
"../../../../../../Git/Saf/GameUniHack/PixelPerfect/Content/Puzzle/Assets/Materials/VectorMat/Grey.uasset" 224
"../../../../../../Git/Saf/GameUniHack/PixelPerfect/Content/Puzzle/Assets/PhysObjects/ThomasEdisonBulb.uasset" 225
"../../../../../../Git/Saf/GameUniHack/PixelPerfect/Content/Physics_Items/Physics_IDK.uasset" 226
"../../../../../../Git/Saf/GameUniHack/PixelPerfect/Content/Player/Player_Controller.uasset" 227
"../../../../../../Git/Saf/GameUniHack/PixelPerfect/Content/UI/Hud.uasset" 228
"../../../../../../Git/Saf/GameUniHack/PixelPerfect/Content/Player/Player_Hud.uasset" 229
"../../../../../../Git/Saf/GameUniHack/PixelPerfect/Content/Player/PlayerGameModeBase.uasset" 230
"../../../Engine/Content/BasicShapes/BasicShapeMaterial.uasset" 231
"../../../../../../Git/Saf/GameUniHack/PixelPerfect/Content/Puzzle/Correct.uasset" 232
"../../../../../../Git/Saf/GameUniHack/PixelPerfect/Content/Puzzle/Correct_Mat.uasset" 233
"../../../../../../Git/Saf/GameUniHack/PixelPerfect/Content/Puzzle/Assets/CorrectGlare.uasset" 234
"../../../../../../Git/Saf/GameUniHack/PixelPerfect/Content/Puzzle/Assets/PuzzleMatchTable.uasset" 235
"../../../../../../Git/Saf/GameUniHack/PixelPerfect/Content/Puzzle/Puzzle.uasset" 236
"../../../../../../Git/Saf/GameUniHack/PixelPerfect/Content/Puzzle/Widgets/MathWidget.uasset" 237
"../../../../../../Git/Saf/GameUniHack/PixelPerfect/Content/Puzzle/Widgets/UI_Puzzle.uasset" 238
"../../../../../../Git/Saf/GameUniHack/PixelPerfect/Content/Puzzle/Widgets/Quizz.uasset" 239
"../../../../../../Git/Saf/GameUniHack/PixelPerfect/Content/Puzzle/Widgets/UI_Puzzle2.uasset" 240
"../../../Engine/Content/Functions/Engine_MaterialFunctions01/Gradient/LinearGradient.uasset" 241
"../../../Engine/Content/Functions/Engine_MaterialFunctions01/ImageAdjustment/CheapContrast.uasset" 242
"../../../../../../Git/Saf/GameUniHack/PixelPerfect/Content/Misc/CustomWorldAlignedTexture.uasset" 243
"../../../../../../Git/Saf/GameUniHack/PixelPerfect/Content/Assets/Warehouse/Generic_Low.uasset" 244
"../../../../../../Git/Saf/GameUniHack/PixelPerfect/Content/Assets/MasterMaterial.uasset" 245
"../../../../../../Git/Saf/GameUniHack/PixelPerfect/Content/Assets/Table_Mat.uasset" 246
"../../../../../../Git/Saf/GameUniHack/PixelPerfect/Content/Assets/Warehouse/Warehouse_Floor.uasset" 247
"../../../../../../Git/Saf/GameUniHack/PixelPerfect/Content/Assets/Warehouse/Warehouse_Green.uasset" 248
"../../../../../../Git/Saf/GameUniHack/PixelPerfect/Content/Assets/Warehouse/Warehouse_Pipe_Grey.uasset" 249
"../../../../../../Git/Saf/GameUniHack/PixelPerfect/Content/Assets/Warehouse/Warehouse_Pipe_Red.uasset" 250
"../../../../../../Git/Saf/GameUniHack/PixelPerfect/Content/Assets/Warehouse/Warehouse_Wall.uasset" 251
"../../../../../../Git/Saf/GameUniHack/PixelPerfect/Content/Assets/Table/TableSmall.uasset" 252
"../../../../../../Git/Saf/GameUniHack/PixelPerfect/Content/Assets/Box.uasset" 253
"../../../../../../Git/Saf/GameUniHack/PixelPerfect/Content/Assets/Warehouse/Models/BOX_Asset.uasset" 254
"../../../../../../Git/Saf/GameUniHack/PixelPerfect/Content/Puzzle/Assets/Materials/VectorMat/DarkerGrey.uasset" 255
"../../../../../../Git/Saf/GameUniHack/PixelPerfect/Content/Assets/Warehouse/Models/Warehouse.uasset" 256
"../../../../../../Git/Saf/GameUniHack/PixelPerfect/Content/Levels/Main.umap" 257
